┌──(jyotirmay㉿kali3)-[~/eclipse-workspace/devsecops-terraform-k8s/terraform]
└─$ terraform plan
data.azurerm_client_config.current: Reading...
azurerm_resource_group.rg: Refreshing state... [id=/subscriptions/eac7dbb7-a7ec-45bc-98de-902b34a2f404/resourceGroups/jaydemo-rg]
data.azurerm_client_config.current: Read complete after 0s [id=Y2xpZW50Q29uZmlncy9jbGllbnRJZD0wNGIwNzc5NS04ZGRiLTQ2MWEtYmJlZS0wMmY5ZTFiZjdiNDY7b2JqZWN0SWQ9ODljZDU4ZTgtMmQ0OS00OTYzLTk2NjQtNmQzOTU4NzI3NDQ1O3N1YnNjcmlwdGlvbklkPWVhYzdkYmI3LWE3ZWMtNDViYy05OGRlLTkwMmIzNGEyZjQwNDt0ZW5hbnRJZD00YzQ3NWYyMi01YmJmLTQzYzYtODMzZC04MTBlOTMzNWFkZTQ=]

Note: Objects have changed outside of Terraform

Terraform detected the following changes made outside of Terraform since the last "terraform apply" which may have affected this plan:

  # azurerm_resource_group.rg has been deleted
  - resource "azurerm_resource_group" "rg" {
        id       = "/subscriptions/eac7dbb7-a7ec-45bc-98de-902b34a2f404/resourceGroups/jaydemo-rg"
      - name     = "jaydemo-rg" -> null
        tags     = {}
        # (1 unchanged attribute hidden)
    }


Unless you have made equivalent changes to your configuration, or ignored the relevant attributes using ignore_changes, the following plan may include
actions to undo or respond to these changes.

──────────────────────────────────────────────────────────────────────────────────────────────────────────────────────────────────────────────────────────

Terraform used the selected providers to generate the following execution plan. Resource actions are indicated with the following symbols:
  + create

Terraform will perform the following actions:

  # azurerm_container_registry.acr will be created
  + resource "azurerm_container_registry" "acr" {
      + admin_enabled                 = true
      + admin_password                = (sensitive value)
      + admin_username                = (known after apply)
      + encryption                    = (known after apply)
      + export_policy_enabled         = true
      + id                            = (known after apply)
      + location                      = "australiaeast"
      + login_server                  = (known after apply)
      + name                          = "jaydemoacr"
      + network_rule_bypass_option    = "AzureServices"
      + network_rule_set              = (known after apply)
      + public_network_access_enabled = true
      + resource_group_name           = "jaydemo-rg"
      + retention_policy              = (known after apply)
      + sku                           = "Basic"
      + trust_policy                  = (known after apply)
      + zone_redundancy_enabled       = false
    }

  # azurerm_key_vault.kv will be created
  + resource "azurerm_key_vault" "kv" {
      + access_policy                 = [
          + {
              + object_id          = "89cd58e8-2d49-4963-9664-6d3958727445"
              + secret_permissions = [
                  + "Get",
                  + "List",
                  + "Set",
                  + "Delete",
                  + "Purge",
                  + "Recover",
                ]
              + tenant_id          = "4c475f22-5bbf-43c6-833d-810e9335ade4"
            },
        ]
      + id                            = (known after apply)
      + location                      = "australiaeast"
      + name                          = "jaydemo-kv-v2"
      + public_network_access_enabled = true
      + purge_protection_enabled      = false
      + resource_group_name           = "jaydemo-rg"
      + sku_name                      = "standard"
      + soft_delete_retention_days    = 7
      + tenant_id                     = "4c475f22-5bbf-43c6-833d-810e9335ade4"
      + vault_uri                     = (known after apply)
    }

  # azurerm_key_vault_access_policy.csi[0] will be created
  + resource "azurerm_key_vault_access_policy" "csi" {
      + id                 = (known after apply)
      + key_vault_id       = (known after apply)
      + object_id          = "60d54a16-dbaa-4ccf-8436-a465e259c6c5"
      + secret_permissions = [
          + "Get",
          + "List",
        ]
      + tenant_id          = "4c475f22-5bbf-43c6-833d-810e9335ade4"
    }

  # azurerm_key_vault_secret.mysecret will be created
  + resource "azurerm_key_vault_secret" "mysecret" {
      + id                      = (known after apply)
      + key_vault_id            = (known after apply)
      + name                    = "mysecret"
      + resource_id             = (known after apply)
      + resource_versionless_id = (known after apply)
      + value                   = (sensitive value)
      + version                 = (known after apply)
      + versionless_id          = (known after apply)
    }

  # azurerm_kubernetes_cluster.aks will be created
  + resource "azurerm_kubernetes_cluster" "aks" {
      + api_server_authorized_ip_ranges     = (known after apply)
      + current_kubernetes_version          = (known after apply)
      + dns_prefix                          = "jaydemo-dns"
      + fqdn                                = (known after apply)
      + http_application_routing_zone_name  = (known after apply)
      + id                                  = (known after apply)
      + image_cleaner_enabled               = false
      + image_cleaner_interval_hours        = 48
      + kube_admin_config                   = (sensitive value)
      + kube_admin_config_raw               = (sensitive value)
      + kube_config                         = (sensitive value)
      + kube_config_raw                     = (sensitive value)
      + kubernetes_version                  = (known after apply)
      + location                            = "australiaeast"
      + name                                = "jaydemo-aks"
      + node_resource_group                 = (known after apply)
      + node_resource_group_id              = (known after apply)
      + oidc_issuer_url                     = (known after apply)
      + portal_fqdn                         = (known after apply)
      + private_cluster_enabled             = false
      + private_cluster_public_fqdn_enabled = false
      + private_dns_zone_id                 = (known after apply)
      + private_fqdn                        = (known after apply)
      + public_network_access_enabled       = true
      + resource_group_name                 = "jaydemo-rg"
      + role_based_access_control_enabled   = true
      + run_command_enabled                 = true
      + sku_tier                            = "Free"
      + support_plan                        = "KubernetesOfficial"
      + workload_identity_enabled           = false

      + default_node_pool {
          + enable_auto_scaling  = false
          + kubelet_disk_type    = (known after apply)
          + max_pods             = (known after apply)
          + name                 = "nodepool1"
          + node_count           = 1
          + node_labels          = (known after apply)
          + orchestrator_version = (known after apply)
          + os_disk_size_gb      = (known after apply)
          + os_disk_type         = "Managed"
          + os_sku               = (known after apply)
          + scale_down_mode      = "Delete"
          + type                 = "VirtualMachineScaleSets"
          + ultra_ssd_enabled    = false
          + vm_size              = "Standard_B2s"
          + workload_runtime     = (known after apply)
        }

      + identity {
          + principal_id = (known after apply)
          + tenant_id    = (known after apply)
          + type         = "SystemAssigned"
        }

      + key_vault_secrets_provider {
          + secret_identity          = (known after apply)
          + secret_rotation_enabled  = true
          + secret_rotation_interval = "2m"
        }

      + network_profile {
          + dns_service_ip          = (known after apply)
          + docker_bridge_cidr      = (known after apply)
          + ebpf_data_plane         = (known after apply)
          + ip_versions             = (known after apply)
          + load_balancer_sku       = "standard"
          + network_data_plane      = (known after apply)
          + network_mode            = (known after apply)
          + network_plugin          = "kubenet"
          + network_policy          = (known after apply)
          + outbound_ip_address_ids = (known after apply)
          + outbound_ip_prefix_ids  = (known after apply)
          + outbound_type           = "loadBalancer"
          + pod_cidr                = (known after apply)
          + pod_cidrs               = (known after apply)
          + service_cidr            = (known after apply)
          + service_cidrs           = (known after apply)
        }
    }

  # azurerm_resource_group.rg will be created
  + resource "azurerm_resource_group" "rg" {
      + id       = (known after apply)
      + location = "australiaeast"
      + name     = "jaydemo-rg"
    }

  # azurerm_role_assignment.aks_acr_pull will be created
  + resource "azurerm_role_assignment" "aks_acr_pull" {
      + id                               = (known after apply)
      + name                             = "7aae39bc-d4d4-59b8-9b50-42a7dcd269ae"
      + principal_id                     = (known after apply)
      + principal_type                   = (known after apply)
      + role_definition_id               = (known after apply)
      + role_definition_name             = "AcrPull"
      + scope                            = (known after apply)
      + skip_service_principal_aad_check = true
    }

  # azurerm_subnet.subnet will be created
  + resource "azurerm_subnet" "subnet" {
      + address_prefixes                               = [
          + "10.0.1.0/24",
        ]
      + default_outbound_access_enabled                = true
      + enforce_private_link_endpoint_network_policies = (known after apply)
      + enforce_private_link_service_network_policies  = (known after apply)
      + id                                             = (known after apply)
      + name                                           = "jaydemo-subnet"
      + private_endpoint_network_policies              = (known after apply)
      + private_endpoint_network_policies_enabled      = (known after apply)
      + private_link_service_network_policies_enabled  = (known after apply)
      + resource_group_name                            = "jaydemo-rg"
      + virtual_network_name                           = "jaydemo-vnet"
    }

  # azurerm_virtual_network.vnet will be created
  + resource "azurerm_virtual_network" "vnet" {
      + address_space       = [
          + "10.0.0.0/16",
        ]
      + dns_servers         = (known after apply)
      + guid                = (known after apply)
      + id                  = (known after apply)
      + location            = "australiaeast"
      + name                = "jaydemo-vnet"
      + resource_group_name = "jaydemo-rg"
      + subnet              = (known after apply)
    }

Plan: 9 to add, 0 to change, 0 to destroy.

Changes to Outputs:
  ~ acr_login_server      = "jaydemoacr.azurecr.io" -> (known after apply)
  ~ aks_kubelet_client_id = "68067cc0-3535-442c-8f09-51d0e56d76c0" -> (known after apply)
  ~ kube_config           = (sensitive value)

──────────────────────────────────────────────────────────────────────────────────────────────────────────────────────────────────────────────────────────

Note: You didn't use the -out option to save this plan, so Terraform can't guarantee to take exactly these actions if you run "terraform apply" now.
                                                                                                                                                           
┌──(jyotirmay㉿kali3)-[~/eclipse-workspace/devsecops-terraform-k8s/terraform]